[localhost/index.html]
[backblue.gif]
[fade.gif]
[index.html]
[localhost/index.html]
[localhost/xmlrpc.php]
[localhost/feed/index.html]
[localhost/comments/feed/index.html]
[localhost/front-page/feed/index.html]
[localhost/wp-content/themes/compphys/style4906.css]
[localhost/wp-content/themes/compphys/style4906.css]
[localhost/wp-content/plugins/wp-jquery-lightbox/styles/lightbox.min5f04.css]
[localhost/wp-content/plugins/wp-jquery-lightbox/styles/lightbox.min5f04.css]
[localhost/wp-includes/js/jquery/jquery-migrate.min330a.js]
[localhost/wp-json/index.html]
[localhost/wp-content/plugins/cpu-reporter/jquery.flot.pie.min4906.js]
[localhost/xmlrpc0db0.php]
[localhost/wp-includes/js/jquery/jqueryb8ff.js]
[localhost/wp-includes/wlwmanifest.xml]
[localhost/wp-json/oembed/1.0/embed1408.json]
[localhost/blog/index.html]
[localhost/wp-content/plugins/cpu-reporter/jquery.flot4906.js]
[localhost/software/index.html]
[localhost/projects/index.html]
[localhost/courses/index.html]
[localhost/thesises/index.html]
[localhost/people/index.html]
[localhost/internals/index.html]
[localhost/events/index.html]
[localhost/cluster-info/using-smaug/index.html]
[localhost/coding-style/index.html]
[localhost/wp-content/uploads/2012/09/molecular-dynamics1-624x390.png]
[localhost/2015/09/24/education-prize-to-computational-physics/index.html]
[localhost/wp-content/uploads/2012/11/fredagsseminar1-150x150.png]
[localhost/author/marelius/index.html]
[localhost/2015/01/15/national-education-price-awarded-to-computational-physics-professor/index.html]
[localhost/wp-content/uploads/2015/01/malthe-150x150.jpg]
[localhost/author/miladh/index.html]
[localhost/2014/02/22/representing-the-university-of-oslo-at-the-education-fair-in-oslo-spektrum/index.html]
[localhost/wp-content/uploads/2014/02/IMG_5230-150x150.jpg]
[localhost/author/dragly/index.html]
[localhost/2015/02/10/creating-a-3d-neuron-scene-in-blender/index.html]
[localhost/2014/11/22/choosing-the-right-license-for-your-code/index.html]
[localhost/author/andreavs/index.html]
[localhost/author/jorgen/index.html]
[localhost/2014/11/20/getting-mcalab-up-and-running-on-a-64-bit-installation-of-matlab-on-ubuntu/index.html]
[localhost/2014/09/16/find-usages-keybind-broken-qtcreator/index.html]
[localhost/wp-content/plugins/jetpack/modules/wpgroho4906.js]
[localhost/wp-includes/js/comment-reply.min4906.js]
[localhost/wp-content/themes/twentytwelve/js/navigation0150.js]
[localhost/wp-content/plugins/wp-jquery-lightbox/jquery.touchwipe.min5f04.js]
[localhost/wp-content/plugins/wp-jquery-lightbox/jquery.lightbox.min5f04.js]
[localhost/wp-includes/js/wp-embed.min4906.js]
[localhost/blog/index.html]
[localhost/software/index.html]
[localhost/projects/index.html]
[localhost/wp-content/themes/twentytwelve/style.css]
[localhost/courses/index.html]
[localhost/wp-content/plugins/wp-jquery-lightbox/styles/images/loading.gif]
[localhost/wp-content/plugins/wp-jquery-lightbox/styles/images/closelabel.gif]
[localhost/wp-content/themes/compphys/people-list.css]
[localhost/wp-content/plugins/wp-jquery-lightbox/styles/images/blank.gif]
[localhost/thesises/index.html]
[localhost/people/index.html]
[localhost/events/index.html]
[localhost/internals/index.html]
[localhost/wp-content/plugins/wp-jquery-lightbox/styles/images/prev.gif]
[localhost/wp-content/plugins/wp-jquery-lightbox/styles/images/next.gif]
[localhost/wp-content/uploads/2012/11/fredagsseminar1-624x351.png]
[localhost/cluster-info/using-smaug/index.html]
[localhost/coding-style/index.html]
[localhost/2015/09/24/education-prize-to-computational-physics/index.html]
[localhost/category/awards/index.html]
[localhost/wp-content/uploads/2015/02/neuron-624x423.jpg]
[localhost/author/marelius/index.html]
[localhost/2015/01/15/national-education-price-awarded-to-computational-physics-professor/index.html]
[localhost/category/3d/index.html]
[localhost/category/featured/index.html]
[localhost/author/miladh/index.html]
[localhost/2014/02/22/representing-the-university-of-oslo-at-the-education-fair-in-oslo-spektrum/index.html]
[localhost/wp-content/uploads/2015/01/malthe.jpg]
[localhost/author/dragly/index.html]
[localhost/category/visualization/index.html]
[localhost/category/blender/index.html]
[localhost/category/computational-physics/index.html]
[localhost/2015/02/10/creating-a-3d-neuron-scene-in-blender/index.html]
[localhost/2014/11/22/choosing-the-right-license-for-your-code/index.html]
[localhost/author/andreavs/index.html]
[localhost/category/technical/index.html]
[localhost/tag/bsd/index.html]
[localhost/tag/copyleft-2/index.html]
[localhost/category/copyleft/index.html]
[localhost/2014/11/20/getting-mcalab-up-and-running-on-a-64-bit-installation-of-matlab-on-ubuntu/index.html]
[localhost/tag/copyright/index.html]
[localhost/tag/gpl/index.html]
[localhost/tag/john-hunter/index.html]
[localhost/tag/license/index.html]
[localhost/author/jorgen/index.html]
[localhost/tag/licenses/index.html]
[localhost/tag/licensing/index.html]
[localhost/tag/open-source/index.html]
[localhost/tag/richard-stallman/index.html]
[localhost/2014/09/16/find-usages-keybind-broken-qtcreator/index.html]
[localhost/category/programming/index.html]
[localhost/tag/matlab/index.html]
[localhost/category/uncategorized/index.html]
[localhost/2014/09/16/pycharm-for-qtcreator-fanatics/index.html]
[localhost/wp-content/themes/twentytwelve/style.css]
[localhost/2014/09/03/fixing-gdb-issues-with-gcc-4-8-x-and-c11/index.html]
[localhost/2014/08/04/latex-package-for-uio-masters-theses/index.html]
[localhost/2014/07/09/circumventing-annoying-library-path-issues-with-qtcreator/index.html]
[localhost/blog/page/2/index.html]
[localhost/wp-content/themes/compphys/people-list.css]
[localhost/category/awards/index.html]
[localhost/wp-content/uploads/2012/11/fredagsseminar1-45x45.png]
[localhost/wp-content/uploads/2015/02/neuron-45x45.jpg]
[localhost/wp-content/uploads/2015/01/malthe-45x45.jpg]
[localhost/category/featured/index.html]
[localhost/2014/07/05/visualization-of-training-neural-networks/index.html]
[localhost/category/3d/index.html]
[localhost/software/feed/index.html]
[localhost/wp-content/plugins/drop-shadow-boxes/css/dropshadowboxes2846.css]
[localhost/wp-login.html]
[localhost/category/blender/index.html]
[localhost/category/visualization/index.html]
[localhost/category/computational-physics/index.html]
[localhost/category/copyleft/index.html]
[localhost/category/technical/index.html]
[localhost/wp-json/oembed/1.0/embedc361.json]
[localhost/projects/feed/index.html]
[localhost/tag/bsd/index.html]
[localhost/tag/copyleft-2/index.html]
[localhost/courses/feed/index.html]
[localhost/wp-json/oembed/1.0/embed9836.json]
[localhost/tag/copyright/index.html]
[localhost/tag/gpl/index.html]
[localhost/wp-json/oembed/1.0/embed7934.json]
[localhost/tag/john-hunter/index.html]
[localhost/tag/license/index.html]
[localhost/thesises/feed/index.html]
[localhost/tag/licenses/index.html]
[localhost/tag/licensing/index.html]
[localhost/wp-json/oembed/1.0/embedd296.json]
[localhost/people/feed/index.html]
[localhost/tag/open-source/index.html]
[localhost/tag/richard-stallman/index.html]
[localhost/wp-json/oembed/1.0/embed3b7c.json]
[localhost/category/programming/index.html]
[localhost/tag/matlab/index.html]
[localhost/index0171.html]
[localhost/category/uncategorized/index.html]
[localhost/2014/09/16/pycharm-for-qtcreator-fanatics/index.html]
[localhost/index1d4a.html]
[localhost/index1aec.html]
[localhost/2014/09/03/fixing-gdb-issues-with-gcc-4-8-x-and-c11/index.html]
[localhost/2014/08/04/latex-package-for-uio-masters-theses/index.html]
[localhost/2014/07/09/circumventing-annoying-library-path-issues-with-qtcreator/index.html]
[localhost/blog/page/2/index.html]
[localhost/index3f71.html]
[localhost/2014/07/05/visualization-of-training-neural-networks/index.html]
[localhost/wp-login.html]
[localhost/index4064.html]
[localhost/wp-content/plugins/drop-shadow-boxes/css/dropshadowboxes2846.css]
[localhost/indexa9e1.html]
[localhost/index6b42.html]
[localhost/index9a4e.html]
[localhost/index64b4.html]
[localhost/index36d4.html]
[localhost/index0ad1.html]
[localhost/index5eee.html]
[localhost/index2df4.html]
[localhost/index5c7e.html]
[localhost/index5871.html]
[localhost/indexec5f.html]
[localhost/index0171.html]
[localhost/index7747.html]
[localhost/index1724.html]
[localhost/indexc268.html]
[localhost/index1d4a.html]
[localhost/indexf1d6.html]
[localhost/index1e42.html]
[localhost/index1aec.html]
[localhost/indexad84.html]
[localhost/indexfc30.html]
[localhost/index5214.html]
[localhost/index873b.html]
[localhost/index2092.html]
[localhost/indexbb6c.html]
[localhost/indexae7b.html]
[localhost/indexd17a.html]
[localhost/index7403.html]
[localhost/index3f71.html]
[localhost/indexcd64.html]
[localhost/index4064.html]
[localhost/index65c7.html]
[localhost/indexa059.html]
[localhost/indexb19c.html]
[localhost/index6b42.html]
[localhost/index9a4e.html]
[localhost/index0ad1.html]
[localhost/index5a0b.html]
[localhost/index5eee.html]
[localhost/index2557.html]
[localhost/index3eae.html]
[localhost/index5871.html]
[localhost/indexec5f.html]
[localhost/index7747.html]
[localhost/index4051.html]
[localhost/index1724.html]
[localhost/indexed34.html]
[localhost/indexc0a8.html]
[localhost/indexf1d6.html]
[localhost/index1e42.html]
[localhost/indexad84.html]
[localhost/indexe5d0.html]
[localhost/index2ae4.html]
[localhost/index67d5.html]
[localhost/indexfc30.html]
[localhost/index2092.html]
[localhost/indexbb6c.html]
[localhost/indexd5c8.html]
[localhost/indexa141.html]
[localhost/events/feed/index.html]
[localhost/wp-content/plugins/event-list/includes/css/event-list4906.css]
[localhost/indexd17a.html]
[localhost/index7403.html]
[localhost/index6934.html]
[localhost/wp-json/oembed/1.0/embed5984.json]
[localhost/events/index09f4.html]
[localhost/events/indexdc59.html]
[localhost/indexb19c.html]
[localhost/index65c7.html]
[localhost/indexa059.html]
[localhost/internals/feed/index.html]
[localhost/index5a0b.html]
[localhost/wp-json/oembed/1.0/embed9ee3.json]
[localhost/cluster-info/using-smaug/feed/index.html]
[localhost/index2557.html]
[localhost/index0f13.html]
[localhost/index3eae.html]
[localhost/index4051.html]
[localhost/indexed34.html]
[localhost/wp-json/oembed/1.0/embedb06f.json]
[localhost/indexc621.html]
[localhost/indexc0a8.html]
[localhost/wp-json/oembed/1.0/embed9869.json]
[localhost/2015/09/24/education-prize-to-computational-physics/feed/index.html]
[localhost/indexe5d0.html]
[localhost/wp-json/oembed/1.0/embeda820.json]
[localhost/index2ae4.html]
[localhost/index853b.html]
[localhost/index67d5.html]
[localhost/wp-content/plugins/akismet/_inc/formcf1b.js]
[localhost/indexd5c8.html]
[localhost/2015/01/15/national-education-price-awarded-to-computational-physics-professor/feed/index.html]
[localhost/author/marelius/feed/index.html]
[localhost/indexa141.html]
[localhost/wp-content/plugins/event-list/includes/css/event-list4906.css]
[localhost/indexeffd.html]
[localhost/wp-json/oembed/1.0/embedace5.json]
[localhost/events/index09f4.html]
[localhost/author/miladh/feed/index.html]
[localhost/2013/11/22/quantum-molecular-dynamics-simulation-of-h_2-h_2-o/index.html]
[localhost/category/atoms/index.html]
[localhost/events/indexdc59.html]
[localhost/index9d87.html]
[localhost/indexdd54.html]
[localhost/category/programming/c/index.html]
[localhost/category/ovito/index.html]
[localhost/category/molecular-dynamics/index.html]
[localhost/category/molecules/index.html]
[localhost/category/physics/index.html]
[cluster.comp-phys.net/icons/blank.gif]
[localhost/2013/11/19/symmetries-in-one-body-and-two-body-matrix-elements-in-hartree-fock/index.html]
[localhost/category/efficiency/index.html]
[cluster.comp-phys.net/icons/folder.gif]
[localhost/category/performance/index.html]
[cluster.comp-phys.net/icons/image2.gif]
[localhost/2014/02/22/representing-the-university-of-oslo-at-the-education-fair-in-oslo-spektrum/feed/index.html]
[localhost/2014/01/22/simplistic-config-files-for-c/index.html]
[cluster.comp-phys.net/favicon.ico]
[localhost/2014/03/13/new-project-structure-for-projects-in-qt-creator-with-unit-tests/index.html]
[cluster.comp-phys.net/icons/text.gif]
[cluster.comp-phys.net/index.html]
[localhost/index6b6d.html]
[localhost/index227a.html]
[localhost/index5d95.html]
[localhost/wp-content/uploads/2014/02/IMG_5230-624x416.jpg]
[localhost/wp-content/uploads/2014/02/IMG_5219.jpg]
[localhost/2013/11/22/quantum-molecular-dynamics-simulation-of-h_2-h_2-o/index.html]
[localhost/category/atoms/index.html]
[localhost/wp-json/oembed/1.0/embed19e6.json]
[localhost/wp-content/uploads/2014/02/IMG_5244.jpg]
[localhost/wp-content/uploads/2014/02/IMG_5219-150x150.jpg]
[localhost/category/programming/c/index.html]
[localhost/category/molecular-dynamics/index.html]
[localhost/category/molecules/index.html]
[localhost/wp-content/uploads/2014/02/IMG_5244-150x150.jpg]
[localhost/wp-content/uploads/2014/02/IMG_5230.jpg]
[localhost/category/ovito/index.html]
[localhost/category/physics/index.html]
[localhost/2013/11/19/symmetries-in-one-body-and-two-body-matrix-elements-in-hartree-fock/index.html]
[localhost/category/neural-networks/index.html]
[localhost/category/media/index.html]
[localhost/category/efficiency/index.html]
[localhost/author/dragly/feed/index.html]
[localhost/author/dragly/page/2/index.html]
[localhost/category/performance/index.html]
[localhost/2014/01/22/simplistic-config-files-for-c/index.html]
[localhost/tag/topology/index.html]
[localhost/tag/training/index.html]
[localhost/tag/learning/index.html]
[localhost/tag/neural-networks-2/index.html]
[localhost/2014/03/13/new-project-structure-for-projects-in-qt-creator-with-unit-tests/index.html]
[localhost/2014/04/15/installing-sumatra-0-5-in-ubuntu-13-10/index.html]
[localhost/category/python/index.html]
[localhost/tag/attribute-error/index.html]
[localhost/tag/python-2/index.html]
[localhost/indexb4ec.html]
[localhost/category/media/index.html]
[localhost/tag/reproducibility/index.html]
[localhost/tag/sumatra/index.html]
[localhost/tag/ubuntu/index.html]
[localhost/category/programming/qt/index.html]
[localhost/author/dragly/page/2/index.html]
[localhost/tag/pri/index.html]
[localhost/tag/pro/index.html]
[localhost/tag/c/index.html]
[localhost/tag/project/index.html]
[localhost/category/neural-networks/index.html]
[localhost/tag/project-files/index.html]
[localhost/tag/qmake/index.html]
[localhost/tag/qt-2/index.html]
[localhost/tag/structure/index.html]
[localhost/tag/learning/index.html]
[localhost/wp-content/uploads/2013/11/lammps-in-ovito-624x539.png]
[localhost/tag/neural-networks-2/index.html]
[localhost/2013/11/19/writing-lammps-files/index.html]
[localhost/tag/armadillo/index.html]
[localhost/tag/binary/index.html]
[localhost/tag/topology/index.html]
[localhost/tag/training/index.html]
[localhost/2014/04/15/installing-sumatra-0-5-in-ubuntu-13-10/index.html]
[localhost/tag/lammps/index.html]
[localhost/tag/ovito/index.html]
[localhost/tag/read/index.html]
[localhost/tag/file/index.html]
[localhost/category/python/index.html]
[localhost/wp-content/uploads/2013/10/multisphere-748x600-624x500.png]
[localhost/tag/attribute-error/index.html]
[localhost/tag/write/index.html]
[localhost/2013/11/05/copying-data-files-to-the-build-directory-with-qmake/index.html]
[localhost/2013/10/29/multiple-billboards-in-qt3d/index.html]
[localhost/tag/python-2/index.html]
[localhost/tag/reproducibility/index.html]
[localhost/tag/sumatra/index.html]
[localhost/category/linux/ubuntu/index.html]
[localhost/tag/android/index.html]
[localhost/tag/game/index.html]
[localhost/2013/10/29/using-qt3d-today/index.html]
[localhost/tag/ubuntu/index.html]
[localhost/tag/opengl/index.html]
[localhost/tag/programming/index.html]
[localhost/tag/qt-creator/index.html]
[localhost/tag/qt3d/index.html]
[localhost/category/programming/qt/index.html]
[localhost/tag/pri/index.html]
[localhost/tag/qt5-2/index.html]
[localhost/2015/02/10/creating-a-3d-neuron-scene-in-blender/feed/index.html]
[localhost/wp-json/oembed/1.0/embed6187.json]
[localhost/tag/pro/index.html]
[localhost/tag/c/index.html]
[localhost/tag/project/index.html]
[localhost/2014/11/22/choosing-the-right-license-for-your-code/feed/index.html]
[localhost/tag/project-files/index.html]
[localhost/wp-json/oembed/1.0/embed52c0.json]
[localhost/author/andreavs/feed/index.html]
[localhost/tag/qmake/index.html]
[localhost/tag/qt-2/index.html]
[localhost/2014/11/20/getting-mcalab-up-and-running-on-a-64-bit-installation-of-matlab-on-ubuntu/feed/index.html]
[localhost/tag/structure/index.html]
[localhost/2013/11/19/writing-lammps-files/index.html]
[localhost/wp-json/oembed/1.0/embeda6ce.json]
[localhost/tag/armadillo/index.html]
[localhost/tag/binary/index.html]
[localhost/2014/11/20/getting-mcalab-up-and-running-on-a-64-bit-installation-of-matlab-on-ubuntu/indexff9c.html]
[localhost/2014/11/20/getting-mcalab-up-and-running-on-a-64-bit-installation-of-matlab-on-ubuntu/indexbcc9.html]
[localhost/tag/file/index.html]
[localhost/tag/lammps/index.html]
[localhost/wp-content/uploads/2012/12/sanntid1.png]
[localhost/2014/03/24/structuring-larger-projects-using-qmake/index.html]
[localhost/tag/ovito/index.html]
[localhost/tag/read/index.html]
[localhost/wp-content/uploads/2012/11/6633mathematics-624x418.jpg]
[localhost/tag/write/index.html]
[localhost/2013/11/18/creating-directories-in-the-build-folder-using-qmake/index.html]
[localhost/2013/11/05/copying-data-files-to-the-build-directory-with-qmake/index.html]
[localhost/2012/12/04/the-time-is-not-a-lie/index.html]
[localhost/2013/10/29/multiple-billboards-in-qt3d/index.html]
[localhost/wp-content/uploads/2012/11/armadillo_380.jpg]
[localhost/2012/11/28/mathematics-is-useful/index.html]
[localhost/2013/10/29/using-qt3d-today/index.html]
[localhost/category/linux/ubuntu/index.html]
[localhost/2012/11/22/armadillos-lapack-wrapper-vs-you/index.html]
[localhost/tag/android/index.html]
[localhost/wp-content/plugins/syntaxhighlighter/syntaxhighlighter3/scripts/shBrushPlain09b1.js]
[localhost/tag/game/index.html]
[localhost/wp-content/plugins/syntaxhighlighter/syntaxhighlighter3/scripts/shBrushCpp09b1.js]
[localhost/tag/opengl/index.html]
[localhost/wp-content/plugins/syntaxhighlighter/syntaxhighlighter3/styles/shCore09b1.css]
[localhost/tag/programming/index.html]
[localhost/author/jorgen/feed/index.html]
[localhost/wp-content/plugins/syntaxhighlighter/syntaxhighlighter3/scripts/shCore09b1.js]
[localhost/wp-content/plugins/syntaxhighlighter/syntaxhighlighter3/styles/shThemeEclipse09b1.css]
[localhost/tag/qt-creator/index.html]
[localhost/tag/qt3d/index.html]
[localhost/tag/qt5-2/index.html]
[localhost/2014/09/16/find-usages-keybind-broken-qtcreator/feed/index.html]
[localhost/indexb541.html]
[localhost/wp-json/oembed/1.0/embede6d8.json]
[localhost/2014/09/16/find-usages-keybind-broken-qtcreator/index716e.html]
[localhost/index905a.html]
[localhost/indexdabb.html]
[localhost/2014/11/20/getting-mcalab-up-and-running-on-a-64-bit-installation-of-matlab-on-ubuntu/indexff9c.html]
[localhost/category/awards/feed/index.html]
[localhost/wp-content/uploads/2012/09/density-624x454.png]
[localhost/2014/11/20/getting-mcalab-up-and-running-on-a-64-bit-installation-of-matlab-on-ubuntu/indexbcc9.html]
[localhost/2014/03/24/structuring-larger-projects-using-qmake/index.html]
[localhost/2013/12/16/637/index.html]
[localhost/2013/11/18/creating-directories-in-the-build-folder-using-qmake/index.html]
[localhost/wp-content/uploads/2013/03/bounding-box-624x468.png]
[localhost/author/mhjensen/index.html]
[localhost/2012/12/04/the-time-is-not-a-lie/index.html]
[localhost/2012/11/28/mathematics-is-useful/index.html]
[localhost/2013/03/25/working-with-percolation-clusters-in-python/index.html]
[localhost/2012/11/22/armadillos-lapack-wrapper-vs-you/index.html]
[localhost/tag/clusters/index.html]
[localhost/tag/measurements/index.html]
[localhost/wp-content/plugins/syntaxhighlighter/syntaxhighlighter3/styles/shCore09b1.css]
[localhost/wp-content/uploads/2013/02/ovito1-624x421.png]
[localhost/wp-content/plugins/syntaxhighlighter/syntaxhighlighter3/styles/shThemeEclipse09b1.css]
[localhost/tag/percolation/index.html]
[localhost/index59f6.html]
[localhost/tag/scipy/index.html]
[localhost/2014/09/16/find-usages-keybind-broken-qtcreator/index716e.html]
[localhost/wp-content/uploads/2012/03/qt-logo.jpg]
[localhost/2013/02/28/getting-the-latest-version-of-ovito-for-ubuntu/index.html]
[localhost/category/vmd/index.html]
[localhost/2012/03/14/developing-mpi-applications-in-qt-creator/index.html]
[localhost/category/featured/feed/index.html]
[localhost/2013/12/16/637/index.html]
[localhost/author/mhjensen/index.html]
[localhost/category/programming/mpi/index.html]
[localhost/2013/03/25/working-with-percolation-clusters-in-python/index.html]
[localhost/wp-content/uploads/2011/11/n-ls-sugar1-624x483.png]
[localhost/2011/11/01/bookmarks-in-terminal/index.html]
[localhost/category/bookmarks/index.html]
[localhost/tag/clusters/index.html]
[localhost/tag/measurements/index.html]
[localhost/tag/percolation/index.html]
[localhost/wp-content/uploads/2011/09/detexify-624x198.png]
[localhost/tag/scipy/index.html]
[localhost/category/linux/index.html]
[localhost/2013/02/28/getting-the-latest-version-of-ovito-for-ubuntu/index.html]
[localhost/category/linux/terminal/index.html]
[localhost/2011/09/10/forgot-that-latex-symbol-use-detexify-to-find-it-for-you/index.html]
[localhost/category/vmd/index.html]
[localhost/2012/03/14/developing-mpi-applications-in-qt-creator/index.html]
[localhost/category/latex/index.html]
[localhost/category/programming/mpi/index.html]
[localhost/category/blender/feed/index.html]
[localhost/2011/11/01/bookmarks-in-terminal/index.html]
[localhost/category/3d/feed/index.html]
[localhost/category/visualization/feed/index.html]
[localhost/category/bookmarks/index.html]
[localhost/category/linux/index.html]
[localhost/2013/09/13/monitoring-your-unit-tests-without-lifting-a-finger/index.html]
[localhost/category/linux/terminal/index.html]
[localhost/category/testing/index.html]
[localhost/tag/build/index.html]
[localhost/2011/09/10/forgot-that-latex-symbol-use-detexify-to-find-it-for-you/index.html]
[localhost/category/latex/index.html]
[localhost/tag/build-jobs/index.html]
[localhost/tag/code-health/index.html]
[localhost/tag/jenkins/index.html]
[localhost/tag/monitoring/index.html]
[localhost/tag/monitor/index.html]
[localhost/tag/test/index.html]
[localhost/tag/unit/index.html]
[localhost/tag/unit-testing/index.html]
[localhost/tag/web/index.html]
[localhost/category/computational-physics/feed/index.html]
[localhost/tag/web-interface/index.html]
[localhost/2013/05/13/speeding-up-compilation-on-ubuntu-with-qt-creator/index.html]
[localhost/2013/09/13/monitoring-your-unit-tests-without-lifting-a-finger/index.html]
[localhost/category/testing/index.html]
[localhost/tag/multiple-processors/index.html]
[localhost/tag/processor/index.html]
[localhost/tag/make/index.html]
[localhost/tag/threader/index.html]
[localhost/tag/build/index.html]
[localhost/tag/build-jobs/index.html]
[localhost/tag/threading/index.html]
[localhost/2013/04/19/setting-up-unittest-with-qt-creator/index.html]
[localhost/tag/gui/index.html]
[localhost/tag/ide/index.html]
[localhost/tag/code-health/index.html]
[localhost/wp-content/uploads/2013/03/qt-valgrind-624x495.png]
[localhost/tag/jenkins/index.html]
[localhost/tag/unit-test/index.html]
[localhost/2013/03/19/optimizing-your-c-code-for-molecular-dynamics/index.html]
[localhost/category/code/index.html]
[localhost/tag/monitor/index.html]
[localhost/tag/monitoring/index.html]
[localhost/tag/test/index.html]
[localhost/category/efficient/index.html]
[localhost/category/fast/index.html]
[localhost/category/optimizing/index.html]
[localhost/category/const/index.html]
[localhost/tag/unit/index.html]
[localhost/category/pointers/index.html]
[localhost/category/quick/index.html]
[localhost/category/references/index.html]
[localhost/category/computational-physics/page/2/index.html]
[localhost/tag/unit-testing/index.html]
[localhost/category/copyleft/feed/index.html]
[localhost/tag/bsd/feed/index.html]
[localhost/tag/copyleft-2/feed/index.html]
[localhost/tag/web/index.html]
[localhost/category/technical/feed/index.html]
[localhost/tag/web-interface/index.html]
[localhost/tag/copyright/feed/index.html]
[localhost/tag/gpl/feed/index.html]
[localhost/tag/john-hunter/feed/index.html]
[localhost/2013/05/13/speeding-up-compilation-on-ubuntu-with-qt-creator/index.html]
[localhost/tag/make/index.html]
[localhost/tag/multiple-processors/index.html]
[localhost/tag/license/feed/index.html]
[localhost/tag/processor/index.html]
[localhost/tag/licenses/feed/index.html]
[localhost/tag/licensing/feed/index.html]
[localhost/tag/threader/index.html]
[localhost/tag/threading/index.html]
[localhost/tag/open-source/feed/index.html]
[localhost/2013/04/19/setting-up-unittest-with-qt-creator/index.html]
[localhost/tag/richard-stallman/feed/index.html]
[localhost/2013/09/16/getting-the-newest-version-of-ipython-notebook-on-ubuntu/index.html]
[localhost/tag/gui/index.html]
[localhost/tag/ide/index.html]
[localhost/tag/ipython/index.html]
[localhost/tag/unit-test/index.html]
[localhost/tag/ipython-notebook/index.html]
[localhost/tag/neuro/index.html]
[localhost/2013/03/19/optimizing-your-c-code-for-molecular-dynamics/index.html]
[localhost/category/code/index.html]
[localhost/tag/notebook/index.html]
[localhost/category/const/index.html]
[localhost/category/programming/page/2/index.html]
[localhost/category/efficient/index.html]
[localhost/2013/09/23/when-variational-monte-carlo-becomes-visual/index.html]
[localhost/category/fast/index.html]
[localhost/category/uncategorized/page/2/index.html]
[localhost/category/optimizing/index.html]
[localhost/tag/matlab/feed/index.html]
[localhost/category/pointers/index.html]
[localhost/2014/09/16/pycharm-for-qtcreator-fanatics/feed/index.html]
[localhost/category/quick/index.html]
[localhost/category/programming/feed/index.html]
[localhost/category/references/index.html]
[localhost/category/computational-physics/page/2/index.html]
[localhost/wp-json/oembed/1.0/embed3004.json]
[localhost/category/uncategorized/feed/index.html]
[localhost/2013/09/16/getting-the-newest-version-of-ipython-notebook-on-ubuntu/index.html]
[localhost/tag/ipython/index.html]
[localhost/2014/09/16/pycharm-for-qtcreator-fanatics/index8c33.html]
[localhost/2014/09/03/fixing-gdb-issues-with-gcc-4-8-x-and-c11/feed/index.html]
[localhost/tag/ipython-notebook/index.html]
[localhost/tag/neuro/index.html]
[localhost/wp-json/oembed/1.0/embede16b.json]
[localhost/tag/notebook/index.html]
[localhost/category/programming/page/2/index.html]
[localhost/2014/08/04/latex-package-for-uio-masters-theses/feed/index.html]
[localhost/2013/09/23/when-variational-monte-carlo-becomes-visual/index.html]
[localhost/category/uncategorized/page/2/index.html]
[localhost/2014/07/09/circumventing-annoying-library-path-issues-with-qtcreator/feed/index.html]
[localhost/wp-json/oembed/1.0/embede4de.json]
[localhost/indexee96.html]
[localhost/2014/09/16/pycharm-for-qtcreator-fanatics/index8c33.html]
[localhost/wp-json/oembed/1.0/embede8a0.json]
[localhost/index3eda.html]
[localhost/indexa49c.html]
[localhost/tag/figures/index.html]
[localhost/2014/04/04/automatic-panel-lettering-within-latex/index.html]
[localhost/indexdfb6.html]
[localhost/2014/04/04/automatic-panel-lettering-within-latex/index.html]
[localhost/tag/latex/index.html]
[localhost/tag/lettering/index.html]
[localhost/tag/figures/index.html]
[localhost/tag/latex/index.html]
[localhost/wp-content/uploads/2014/03/500px-Bitmap_VS_SVG.svg_.png]
[localhost/tag/lettering/index.html]
[localhost/tag/panels/index.html]
[localhost/2014/03/22/including-vector-graphics-in-latex-using-includesvg/index.html]
[localhost/author/jorgentr/index.html]
[localhost/tag/panels/index.html]
[localhost/author/jorgentr/index.html]
[localhost/2014/03/22/including-vector-graphics-in-latex-using-includesvg/index.html]
[localhost/tag/svg/index.html]
[localhost/tag/svg/index.html]
[localhost/author/fsund/index.html]
[localhost/tag/vector-graphics/index.html]
[localhost/2014/03/20/simple-cross-referencing-in-latex-using-cleveref/index.html]
[localhost/tag/vector-graphics/index.html]
[localhost/author/fsund/index.html]
[localhost/2014/03/20/simple-cross-referencing-in-latex-using-cleveref/index.html]
[localhost/2014/07/05/visualization-of-training-neural-networks/feed/index.html]
[localhost/wp-json/oembed/1.0/embed5b74.json]
[localhost/blog/page/3/index.html]
[localhost/blog/page/3/index.html]
[localhost/wp-admin/load-scripts83ef.php]
[localhost/indexd4ce.html]
[localhost/wp-loginc2b6.html]
[localhost/wp-admin/load-styles35f8.css]
[localhost/author/anders/index.html]
[localhost/author/anders/feed/index.html]
[localhost/author/gauteeinevoll/feed/index.html]
[localhost/wp-loginc2b6.html]
[localhost/author/anders/index.html]
[localhost/author/gauteeinevoll/index.html]
[localhost/author/gauteeinevoll/index.html]
[localhost/author/jaeks/feed/index.html]
[localhost/author/jaeks/index.html]
[localhost/author/jaeks/index.html]
[localhost/author/sigve/feed/index.html]
[localhost/author/anderhaf/feed/index.html]
[localhost/author/sigve/index.html]
[localhost/author/sigve/index.html]
[localhost/author/anderhaf/index.html]
[localhost/author/anderhaf/index.html]
[localhost/author/henrik/feed/index.html]
[localhost/author/martesae/feed/index.html]
[localhost/author/henrik/index.html]
[localhost/author/henrik/index.html]
[localhost/author/martesae/index.html]
[localhost/author/martesae/index.html]
[localhost/author/treider/feed/index.html]
[localhost/author/emilio/feed/index.html]
[localhost/author/treider/index.html]
[localhost/author/treider/index.html]
[localhost/author/emilio/index.html]
[localhost/author/emilio/index.html]
[localhost/author/vilde-flugsrud/feed/index.html]
[localhost/author/vilde-flugsrud/index.html]
[localhost/author/vilde-flugsrud/index.html]
[localhost/author/chrisp/feed/index.html]
[localhost/author/alocias/feed/index.html]
[localhost/author/chrisp/index.html]
[localhost/author/chrisp/index.html]
[localhost/author/alocias/index.html]
[localhost/author/alocias/index.html]
[localhost/author/schoyen/feed/index.html]
[localhost/author/schoyen/index.html]
[localhost/author/schoyen/index.html]
[localhost/author/magnus-holm/feed/index.html]
[localhost/author/christian-fleischer/feed/index.html]
[localhost/author/magnus-holm/index.html]
[localhost/author/magnus-holm/index.html]
[localhost/author/christian-fleischer/index.html]
[localhost/author/christian-fleischer/index.html]
[localhost/author/fleischer/feed/index.html]
[localhost/author/fleischer/index.html]
[localhost/author/fleischer/index.html]
[localhost/author/ledum/feed/index.html]
[localhost/author/stende/feed/index.html]
[localhost/author/ledum/index.html]
[localhost/author/ledum/index.html]
[localhost/author/stende/index.html]
[localhost/author/stende/index.html]
[localhost/author/larsen/feed/index.html]
[localhost/author/larsen/index.html]
[localhost/author/larsen/index.html]
[localhost/author/gullik/feed/index.html]
[localhost/author/greg_winther/feed/index.html]
[localhost/author/gullik/index.html]
[localhost/author/gullik/index.html]
[localhost/author/greg_winther/index.html]
[localhost/author/greg_winther/index.html]
[localhost/author/gba/feed/index.html]
[localhost/author/gba/index.html]
[localhost/author/gba/index.html]
[localhost/author/emiliefj/feed/index.html]
[localhost/author/emiliefj/index.html]
[localhost/author/emiliefj/index.html]
[localhost/author/gbsvaland/feed/index.html]
[localhost/author/gbsvaland/index.html]
[localhost/author/gbsvaland/index.html]
[localhost/author/josteinbl/feed/index.html]
[localhost/author/josteinbl/index.html]
[localhost/author/audun-skau-hansen/feed/index.html]
[localhost/_http_/urn.nb.no/URN_NBN_no-50221__Molecular]
[localhost/author/josteinbl/index.html]
[localhost/author/henrikei/feed/index.html]
[localhost/author/audun-skau-hansen/index.html]
[localhost/author/audun-skau-hansen/index.html]
[localhost/author/henrikei/index.html]
[localhost/author/henrikei/index.html]
[localhost/author/mathilnk/feed/index.html]
[localhost/author/mathilnk/index.html]
[localhost/author/mathilnk/index.html]
[localhost/author/sarahrei/feed/index.html]
[localhost/author/sarahrei/index.html]
[localhost/author/sarahrei/index.html]
[localhost/author/jadzia626/index.html]
[localhost/author/jadzia626/index.html]
[localhost/author/fredrik/feed/index.html]
[localhost/author/fredrik/index.html]
[localhost/author/fredrik/index.html]
[localhost/author/jvbrink/feed/index.html]
[localhost/author/jvbrink/index.html]
[localhost/author/jvbrink/index.html]
[localhost/author/wilhelm-holmen/feed/index.html]
[localhost/author/wilhelm-holmen/index.html]
[localhost/author/wilhelm-holmen/index.html]
[localhost/author/roger-kjode/feed/index.html]
[localhost/author/haakon/feed/index.html]
[localhost/author/roger-kjode/index.html]
[localhost/author/roger-kjode/index.html]
[localhost/author/haakon/index.html]
[localhost/author/haakon/index.html]
[localhost/author/stian-svendby/feed/index.html]
[localhost/author/stian-svendby/index.html]
[localhost/wp-content/plugins/event-list/includes/images/date-separator.png]
[localhost/author/stian-svendby/index.html]
[cluster.comp-phys.net/indexc052.html]
[cluster.comp-phys.net/indexf8a0.html]
[cluster.comp-phys.net/indexbfec.html]
[cluster.comp-phys.net/index30b5.html]
[cluster.comp-phys.net/icons/back.gif]
[cluster.comp-phys.net/cache/index.html]
[cluster.comp-phys.net/images/icon_g-y-r.png]
[cluster.comp-phys.net/images/icon_grey.png]
[cluster.comp-phys.net/images/icon_line.png]
[cluster.comp-phys.net/images/icon_r-p-b.png]
[cluster.comp-phys.net/images/index.html]
[cluster.comp-phys.net/includes/index.html]
[cluster.comp-phys.net/main.css]
[cluster.comp-phys.net/scripts/index.html]
[localhost/2013/11/22/quantum-molecular-dynamics-simulation-of-h_2-h_2-o/feed/index.html]
[localhost/indexfe50.html]
[localhost/wp-json/oembed/1.0/embedd429.json]
[localhost/category/atoms/feed/index.html]
[localhost/category/programming/c/feed/index.html]
[localhost/category/molecules/feed/index.html]
[localhost/category/molecular-dynamics/feed/index.html]
[localhost/category/ovito/feed/index.html]
[localhost/2013/11/19/symmetries-in-one-body-and-two-body-matrix-elements-in-hartree-fock/feed/index.html]
[localhost/category/physics/feed/index.html]
[localhost/index5ff4.html]
[localhost/wp-json/oembed/1.0/embed05c6.json]
[localhost/category/performance/feed/index.html]
[localhost/category/efficiency/feed/index.html]
[localhost/2014/01/22/simplistic-config-files-for-c/feed/index.html]
[localhost/indexf034.html]
[localhost/wp-json/oembed/1.0/embedcb73.json]
[localhost/2014/03/13/new-project-structure-for-projects-in-qt-creator-with-unit-tests/feed/index.html]
[localhost/index820c.html]
[localhost/category/media/feed/index.html]
[localhost/wp-json/oembed/1.0/embed7da8.json]
[localhost/author/dragly/page/3/index.html]
[localhost/author/dragly/page/3/index.html]
[localhost/2013/04/02/setting-up-qmake-on-the-abel-cluster/index.html]
[localhost/2013/04/02/setting-up-qmake-on-the-abel-cluster/index.html]
[localhost/2012/11/15/getting-the-latest-armadillo-package-for-ubuntu/index.html]
[localhost/2012/11/15/getting-the-latest-armadillo-package-for-ubuntu/index.html]
[localhost/category/neural-networks/feed/index.html]
[localhost/wp-content/plugins/syntaxhighlighter/syntaxhighlighter3/scripts/shBrushBash09b1.js]
[localhost/tag/learning/feed/index.html]
[localhost/tag/neural-networks-2/feed/index.html]
[localhost/tag/topology/feed/index.html]
[localhost/tag/training/feed/index.html]
[localhost/2014/04/15/installing-sumatra-0-5-in-ubuntu-13-10/feed/index.html]
[localhost/indexf9b5.html]
[localhost/wp-json/oembed/1.0/embedffdb.json]
[localhost/category/python/feed/index.html]
[localhost/tag/attribute-error/feed/index.html]
[localhost/tag/reproducibility/feed/index.html]
[localhost/tag/python-2/feed/index.html]
[localhost/tag/sumatra/feed/index.html]
[localhost/tag/ubuntu/feed/index.html]
[localhost/category/programming/qt/feed/index.html]
[localhost/tag/pri/feed/index.html]
[localhost/tag/pro/feed/index.html]
[localhost/tag/project/feed/index.html]
[localhost/tag/project-files/feed/index.html]
[localhost/tag/c/feed/index.html]
[localhost/tag/qmake/feed/index.html]
[localhost/tag/qt-2/feed/index.html]
[localhost/tag/structure/feed/index.html]
[localhost/2013/11/19/writing-lammps-files/feed/index.html]
[localhost/indexfbc0.html]
[localhost/wp-json/oembed/1.0/embedf933.json]
[localhost/tag/armadillo/feed/index.html]
[localhost/tag/binary/feed/index.html]
[localhost/tag/lammps/feed/index.html]
[localhost/tag/file/feed/index.html]
[localhost/tag/ovito/feed/index.html]
[localhost/tag/write/feed/index.html]
[localhost/tag/read/feed/index.html]
[localhost/2013/11/05/copying-data-files-to-the-build-directory-with-qmake/feed/index.html]
[localhost/index912b.html]
[localhost/wp-json/oembed/1.0/embed950c.json]
[localhost/2013/10/29/multiple-billboards-in-qt3d/feed/index.html]
[localhost/index3758.html]
[localhost/2013/10/29/using-qt3d-today/feed/index.html]
[localhost/wp-json/oembed/1.0/embedec21.json]
[localhost/indexf705.html]
[localhost/wp-json/oembed/1.0/embed6385.json]
[localhost/category/linux/ubuntu/feed/index.html]
[localhost/tag/android/feed/index.html]
[localhost/tag/game/feed/index.html]
[localhost/tag/opengl/feed/index.html]
[localhost/tag/programming/feed/index.html]
[localhost/tag/qt3d/feed/index.html]
[localhost/tag/qt-creator/feed/index.html]
[localhost/tag/qt5-2/feed/index.html]
[localhost/2014/03/24/structuring-larger-projects-using-qmake/feed/index.html]
[localhost/wp-json/oembed/1.0/embed2a25.json]
[localhost/index66f9.html]
[localhost/2013/11/18/creating-directories-in-the-build-folder-using-qmake/feed/index.html]
[localhost/wp-json/oembed/1.0/embed6adc.json]
[localhost/index7398.html]
[localhost/2013/11/18/creating-directories-in-the-build-folder-using-qmake/index79bd.html]
[localhost/2013/11/18/creating-directories-in-the-build-folder-using-qmake/index87fd.html]
[localhost/2013/11/18/creating-directories-in-the-build-folder-using-qmake/index87fd.html]
[localhost/2012/12/04/the-time-is-not-a-lie/feed/index.html]
[localhost/2013/11/18/creating-directories-in-the-build-folder-using-qmake/index79bd.html]
[localhost/wp-json/oembed/1.0/embed5b4e.json]
[localhost/indexd027.html]
[localhost/2012/11/28/mathematics-is-useful/feed/index.html]
[localhost/wp-json/oembed/1.0/embede3d2.json]
[localhost/index5e74.html]
[localhost/2012/11/22/armadillos-lapack-wrapper-vs-you/feed/index.html]
[localhost/wp-json/oembed/1.0/embed026f.json]
[localhost/index4034.html]
[localhost/2013/12/16/637/feed/index.html]
[localhost/2012/11/22/armadillos-lapack-wrapper-vs-you/indexd82a.html]
[localhost/2012/11/22/armadillos-lapack-wrapper-vs-you/indexd82a.html]
[localhost/index38bf.html]
[localhost/author/mhjensen/feed/index.html]
[localhost/wp-json/oembed/1.0/embed731f.json]
[localhost/2013/03/25/working-with-percolation-clusters-in-python/feed/index.html]
[localhost/index4720.html]
[localhost/wp-json/oembed/1.0/embedc068.json]
[localhost/tag/clusters/feed/index.html]
[localhost/tag/measurements/feed/index.html]
[localhost/tag/scipy/feed/index.html]
[localhost/tag/percolation/feed/index.html]
[localhost/index7dad.html]
[localhost/category/vmd/feed/index.html]
[localhost/wp-json/oembed/1.0/embed46c9.json]
[localhost/2012/11/05/naming-the-new-computers/index.html]
[localhost/2012/11/05/naming-the-new-computers/index.html]
[localhost/index0721.html]
[localhost/category/programming/mpi/feed/index.html]
[localhost/wp-json/oembed/1.0/embed610d.json]
[localhost/index96f1.html]
[localhost/wp-json/oembed/1.0/embedf559.json]
[localhost/category/bookmarks/feed/index.html]
[localhost/category/linux/feed/index.html]
[localhost/category/linux/terminal/feed/index.html]
[localhost/wp-json/oembed/1.0/embed2807.json]
[localhost/index7ef4.html]
[localhost/2013/09/13/monitoring-your-unit-tests-without-lifting-a-finger/feed/index.html]
[localhost/category/latex/feed/index.html]
[localhost/index6b92.html]
[localhost/wp-json/oembed/1.0/embed4569.json]
[localhost/category/testing/feed/index.html]
[localhost/tag/build/feed/index.html]
[localhost/tag/code-health/feed/index.html]
[localhost/tag/build-jobs/feed/index.html]
[localhost/tag/jenkins/feed/index.html]
[localhost/tag/monitoring/feed/index.html]
[localhost/tag/monitor/feed/index.html]
[localhost/tag/test/feed/index.html]
[localhost/tag/unit/feed/index.html]
[localhost/tag/unit-testing/feed/index.html]
[localhost/tag/web/feed/index.html]
[localhost/tag/web-interface/feed/index.html]
[localhost/2013/05/13/speeding-up-compilation-on-ubuntu-with-qt-creator/feed/index.html]
[localhost/index24eb.html]
[localhost/tag/make/feed/index.html]
[localhost/wp-json/oembed/1.0/embedeae8.json]
[localhost/tag/multiple-processors/feed/index.html]
[localhost/tag/threader/feed/index.html]
[localhost/tag/processor/feed/index.html]
[localhost/tag/threading/feed/index.html]
[localhost/2013/04/19/setting-up-unittest-with-qt-creator/feed/index.html]
[localhost/wp-json/oembed/1.0/embed88af.json]
[localhost/indexd8bc.html]
[localhost/tag/gui/feed/index.html]
[localhost/tag/ide/feed/index.html]
[localhost/tag/unit-test/feed/index.html]
[localhost/index73fa.html]
[localhost/wp-json/oembed/1.0/embedda76.json]
[localhost/category/code/feed/index.html]
[localhost/category/const/feed/index.html]
[localhost/category/efficient/feed/index.html]
[localhost/category/fast/feed/index.html]
[localhost/category/optimizing/feed/index.html]
[localhost/category/pointers/feed/index.html]
[localhost/category/quick/feed/index.html]
[localhost/category/references/feed/index.html]
[localhost/category/internals/index.html]
[localhost/2012/11/08/helping-out-with-the-computational-physics-ppa/index.html]
[localhost/2012/11/08/helping-out-with-the-computational-physics-ppa/index.html]
[localhost/category/internals/index.html]
[localhost/2013/09/16/getting-the-newest-version-of-ipython-notebook-on-ubuntu/feed/index.html]
[localhost/wp-json/oembed/1.0/embed18ce.json]
[localhost/indexa040.html]
[localhost/2013/09/16/getting-the-newest-version-of-ipython-notebook-on-ubuntu/indexbb3f.html]
[localhost/2013/09/16/getting-the-newest-version-of-ipython-notebook-on-ubuntu/indexbb3f.html]
[localhost/tag/ipython/feed/index.html]
[localhost/tag/ipython-notebook/feed/index.html]
[localhost/tag/neuro/feed/index.html]
[localhost/tag/notebook/feed/index.html]
[localhost/2013/09/23/when-variational-monte-carlo-becomes-visual/feed/index.html]
[localhost/index2c5f.html]
[localhost/wp-json/oembed/1.0/embedecec.json]
[localhost/2014/04/04/automatic-panel-lettering-within-latex/feed/index.html]
[localhost/indexb916.html]
[localhost/wp-json/oembed/1.0/embed99cf.json]
[localhost/tag/figures/feed/index.html]
[localhost/tag/latex/feed/index.html]
[localhost/tag/lettering/feed/index.html]
[localhost/tag/panels/feed/index.html]
[localhost/author/jorgentr/feed/index.html]
[localhost/2014/03/22/including-vector-graphics-in-latex-using-includesvg/feed/index.html]
[localhost/wp-json/oembed/1.0/embedd825.json]
[localhost/indexa308.html]
[localhost/tag/svg/feed/index.html]
[localhost/tag/vector-graphics/feed/index.html]
[localhost/author/fsund/feed/index.html]
[localhost/2014/03/20/simple-cross-referencing-in-latex-using-cleveref/feed/index.html]
[localhost/wp-json/oembed/1.0/embed1247.json]
[localhost/indexf993.html]
[localhost/wp-includes/fonts/dashicons.eot]
[localhost/blog/page/4/index.html]
[localhost/blog/page/4/index.html]
[localhost/wp-admin/images/loading.gif]
[localhost/wp-admin/images/w-logo-blue7a53.png]
[localhost/wp-admin/images/wordpress-logo7d6b.svg]
[localhost/_http_/urn.nb.no/URN_NBN_no-50221_Molecular.html]
[localhost/wp-content/uploads/2012/11/precision-r5500-overview4.jpg]
[localhost/author/jadzia626/feed/index.html]
[localhost/author/josteinbl/_http_/urn.nb.no/URN_NBN_no-50221__Molecular]
[localhost/category/internal-note/index.html]
[localhost/category/internal-note/index.html]
[localhost/tag/cluster/index.html]
[localhost/tag/cluster/index.html]
[localhost/tag/vote/index.html]
[localhost/tag/vote/index.html]
[cluster.comp-phys.net/indexb70a.html]
[cluster.comp-phys.net/index72c9.html]
[cluster.comp-phys.net/index5851.html]
[cluster.comp-phys.net/indexad3f.html]
[cluster.comp-phys.net/cache/indexc052.html]
[cluster.comp-phys.net/cache/indexf8a0.html]
[cluster.comp-phys.net/cache/indexbfec.html]
[cluster.comp-phys.net/cache/index30b5.html]
[cluster.comp-phys.net/cache/plot_large/-19700101010000.gif]
[cluster.comp-phys.net/cache/plot_large/Fry-20161128085901.gif]
[cluster.comp-phys.net/cache/plot_large/Gizmo-20161130081401.gif]
[cluster.comp-phys.net/cache/plot_large/Leela-20160829131101.gif]
[cluster.comp-phys.net/cache/plot_large/Nibbler-20130619134401.gif]
[cluster.comp-phys.net/cache/plot_large/Zoidberg-20130619145901.gif]
[cluster.comp-phys.net/cache/plot_large/kif-20160603124401.gif]
[cluster.comp-phys.net/cache/plot_large/smaug-a1-20161130015901.gif]
[cluster.comp-phys.net/cache/plot_large/smaug-a2-20160610152901.gif]
[cluster.comp-phys.net/cache/plot_large/smaug-a3-20160610152901.gif]
[cluster.comp-phys.net/cache/plot_large/smaug-a4-20160823142902.gif]
[cluster.comp-phys.net/cache/plot_large/smaug-a5-20160622152901.gif]
[cluster.comp-phys.net/cache/plot_large/smaug-a6-20160622152901.gif]
[cluster.comp-phys.net/cache/plot_large/smaug-a7-20160823142901.gif]
[cluster.comp-phys.net/cache/plot_large/smaug-a8-20160504195901.gif]
[cluster.comp-phys.net/cache/plot_large/smaug-b1-20160808105901.gif]
[cluster.comp-phys.net/cache/plot_large/smaug-b2-20170102124401.gif]
[cluster.comp-phys.net/cache/plot_large/smaug-b3-20160805125901.gif]
[cluster.comp-phys.net/cache/plot_large/smaug-b4-20161224085901.gif]
[cluster.comp-phys.net/cache/plot_large/smaug-b5-20160526234401.gif]
[cluster.comp-phys.net/cache/plot_large/smaug-b6-20161116191401.gif]
[cluster.comp-phys.net/cache/plot_large/smaug-b7-20161110044401.gif]
[cluster.comp-phys.net/cache/plot_large/smaug-b8-20160610152901.gif]
[cluster.comp-phys.net/cache/plot_large/smaug-c1-20160630155901.gif]
[cluster.comp-phys.net/cache/plot_large/smaug-c2-20170103135901.gif]
[cluster.comp-phys.net/cache/plot_large/smaug-c3-20160604191401.gif]
[cluster.comp-phys.net/cache/plot_large/smaug-c4-20160615135901.gif]
[cluster.comp-phys.net/cache/plot_large/smaug-c5-20160826231401.gif]
[cluster.comp-phys.net/cache/plot_large/smaug-c6-20160217234401.gif]
[cluster.comp-phys.net/cache/plot_large/smaug-c7-20160217234401.gif]
[cluster.comp-phys.net/cache/plot_large/smaug-c8-20160217234401.gif]
[cluster.comp-phys.net/cache/plot_large/smaug-d1-20161109182901.gif]
[cluster.comp-phys.net/cache/plot_large/smaug-d2-20161110044401.gif]
[cluster.comp-phys.net/cache/plot_large/smaug-d3-20160731172901.gif]
[cluster.comp-phys.net/cache/plot_large/smaug-d4-20160506165901.gif]
[cluster.comp-phys.net/cache/plot_large/smaug-d5-20161224115901.gif]
[cluster.comp-phys.net/cache/plot_large/smaug-d6-20161109131401.gif]
[cluster.comp-phys.net/cache/plot_large/smaug-d7-20150928175901.gif]
[cluster.comp-phys.net/cache/plot_large/index.html]
[cluster.comp-phys.net/cache/plot_large/smaug-d8-20160506165901.gif]
[cluster.comp-phys.net/cache/plot_small/-19700101010000.gif]
[cluster.comp-phys.net/cache/plot_small/Fry-20170102135901.gif]
[cluster.comp-phys.net/cache/plot_small/Gizmo-20161224134401.gif]
[cluster.comp-phys.net/cache/plot_small/Leela-20160829131101.gif]
[cluster.comp-phys.net/cache/plot_small/Nibbler-20151221111401.gif]
[cluster.comp-phys.net/cache/plot_small/Zoidberg-20151221112901.gif]
[cluster.comp-phys.net/cache/plot_small/bender-20150928175901.gif]
[cluster.comp-phys.net/cache/plot_small/kif-20160603124401.gif]
[cluster.comp-phys.net/cache/plot_small/smaug-a1-20170102135901.gif]
[cluster.comp-phys.net/cache/plot_small/smaug-a2-20170102135901.gif]
[cluster.comp-phys.net/cache/plot_small/smaug-a3-20170102135901.gif]
[cluster.comp-phys.net/cache/plot_small/smaug-a4-20170102135901.gif]
[cluster.comp-phys.net/cache/plot_small/smaug-a5-20170102135901.gif]
[cluster.comp-phys.net/cache/plot_small/smaug-a6-20170102135901.gif]
[cluster.comp-phys.net/cache/plot_small/smaug-a7-20170104031401.gif]
[cluster.comp-phys.net/cache/plot_small/smaug-a8-20170102135901.gif]
[cluster.comp-phys.net/cache/plot_small/smaug-b1-20170102135901.gif]
[cluster.comp-phys.net/cache/plot_small/smaug-b2-20170102135901.gif]
[cluster.comp-phys.net/cache/plot_small/smaug-b3-20170102135901.gif]
[cluster.comp-phys.net/cache/plot_small/smaug-b4-20170102135902.gif]
[cluster.comp-phys.net/cache/plot_small/smaug-b5-20170102135902.gif]
[cluster.comp-phys.net/cache/plot_small/smaug-b6-20170102135901.gif]
[cluster.comp-phys.net/cache/plot_small/smaug-b7-20170102135901.gif]
[cluster.comp-phys.net/cache/plot_small/smaug-b8-20170102135901.gif]
[cluster.comp-phys.net/cache/plot_small/smaug-c1-20170102135901.gif]
[cluster.comp-phys.net/cache/plot_small/smaug-c2-20170102135901.gif]
[cluster.comp-phys.net/cache/plot_small/smaug-c3-20170102135901.gif]
[cluster.comp-phys.net/cache/plot_small/smaug-c4-20170102135901.gif]
[cluster.comp-phys.net/cache/plot_small/smaug-c5-20170102135901.gif]
[cluster.comp-phys.net/cache/plot_small/smaug-c6-20170102135901.gif]
[cluster.comp-phys.net/cache/plot_small/smaug-c7-20170102135901.gif]
[cluster.comp-phys.net/cache/plot_small/smaug-c8-20170102135901.gif]
[cluster.comp-phys.net/cache/plot_small/smaug-d1-20170102135901.gif]
[cluster.comp-phys.net/cache/plot_small/smaug-d2-20170102135901.gif]
[cluster.comp-phys.net/cache/plot_small/smaug-d3-20170102135901.gif]
[cluster.comp-phys.net/cache/plot_small/smaug-d4-20170102135901.gif]
[cluster.comp-phys.net/cache/plot_small/smaug-d5-20170102135901.gif]
[cluster.comp-phys.net/cache/plot_small/smaug-d6-20170102135901.gif]
[cluster.comp-phys.net/cache/plot_small/smaug-d7-20170102135901.gif]
[cluster.comp-phys.net/cache/plot_small/index.html]
[cluster.comp-phys.net/cache/plot_small/smaug-d8-20170102135901.gif]
[cluster.comp-phys.net/images/indexc052.html]
[cluster.comp-phys.net/images/indexf8a0.html]
[cluster.comp-phys.net/images/indexbfec.html]
[cluster.comp-phys.net/images/index30b5.html]
[localhost/2012/11/08/joining-in-on-the-cpu-race/index.html]
[localhost/2013/04/02/setting-up-qmake-on-the-abel-cluster/feed/index.html]
[cluster.comp-phys.net/includes/indexc052.html]
[cluster.comp-phys.net/includes/indexf8a0.html]
[localhost/wp-json/oembed/1.0/embed7563.json]
[cluster.comp-phys.net/includes/indexbfec.html]
[localhost/2012/11/15/getting-the-latest-armadillo-package-for-ubuntu/feed/index.html]
[localhost/wp-json/oembed/1.0/embed995b.json]
[cluster.comp-phys.net/includes/index30b5.html]
[cluster.comp-phys.net/scripts/indexc052.html]
[cluster.comp-phys.net/scripts/indexf8a0.html]
[localhost/2012/11/15/getting-the-latest-armadillo-package-for-ubuntu/indexced0.html]
[cluster.comp-phys.net/scripts/indexbfec.html]
[localhost/2012/11/15/getting-the-latest-armadillo-package-for-ubuntu/index605b.html]
[localhost/2012/11/15/getting-the-latest-armadillo-package-for-ubuntu/index299b.html]
[localhost/2012/11/05/naming-the-new-computers/feed/index.html]
[cluster.comp-phys.net/scripts/index30b5.html]
[localhost/2012/11/08/joining-in-on-the-cpu-race/index.html]
[localhost/index2023.html]
[localhost/wp-json/oembed/1.0/embed067b.json]
[localhost/2012/11/05/naming-the-new-computers/index267f.html]
[localhost/2012/11/05/naming-the-new-computers/index41b7.html]
[localhost/indexd7d8.html]
[localhost/2012/11/15/getting-the-latest-armadillo-package-for-ubuntu/indexced0.html]
[localhost/2012/11/05/naming-the-new-computers/index6944.html]
[localhost/2012/11/05/naming-the-new-computers/index04d3.html]
[localhost/2012/11/05/naming-the-new-computers/indexfa40.html]
[localhost/2012/11/15/getting-the-latest-armadillo-package-for-ubuntu/index605b.html]
[localhost/2012/11/15/getting-the-latest-armadillo-package-for-ubuntu/index299b.html]
[localhost/index7737.html]
[localhost/2012/11/05/naming-the-new-computers/index267f.html]
[localhost/2012/11/08/helping-out-with-the-computational-physics-ppa/feed/index.html]
[localhost/wp-json/oembed/1.0/embed3688.json]
[localhost/category/internals/feed/index.html]
[localhost/2012/11/05/naming-the-new-computers/index41b7.html]
[localhost/2012/11/05/naming-the-new-computers/index6944.html]
[localhost/2012/11/05/naming-the-new-computers/index04d3.html]
[localhost/blog/page/5/index.html]
[localhost/2012/11/05/naming-the-new-computers/indexfa40.html]
[localhost/tag/cluster/feed/index.html]
[localhost/category/internal-note/feed/index.html]
[localhost/tag/vote/feed/index.html]
[localhost/index2fa7.html]
[localhost/blog/page/5/index.html]
[localhost/author/josteinbl/_http_/urn.nb.no/URN_NBN_no-50221_Molecular.html]
[cluster.comp-phys.net/cache/indexb70a.html]
[cluster.comp-phys.net/cache/index72c9.html]
[cluster.comp-phys.net/cache/index5851.html]
[cluster.comp-phys.net/cache/indexad3f.html]
[cluster.comp-phys.net/cache/plot_large/indexc052.html]
[cluster.comp-phys.net/cache/plot_large/indexf8a0.html]
[cluster.comp-phys.net/cache/plot_large/indexbfec.html]
[cluster.comp-phys.net/cache/plot_large/index30b5.html]
[cluster.comp-phys.net/cache/plot_small/indexc052.html]
[cluster.comp-phys.net/cache/plot_small/indexf8a0.html]
[cluster.comp-phys.net/cache/plot_small/indexbfec.html]
[cluster.comp-phys.net/cache/plot_small/index30b5.html]
[cluster.comp-phys.net/images/indexb70a.html]
[localhost/2012/11/08/joining-in-on-the-cpu-race/feed/index.html]
[localhost/wp-json/oembed/1.0/embede7d0.json]
[cluster.comp-phys.net/images/index72c9.html]
[cluster.comp-phys.net/images/index5851.html]
[cluster.comp-phys.net/images/indexad3f.html]
[cluster.comp-phys.net/includes/indexb70a.html]
[cluster.comp-phys.net/includes/index72c9.html]
[cluster.comp-phys.net/includes/index5851.html]
[cluster.comp-phys.net/includes/indexad3f.html]
[cluster.comp-phys.net/scripts/indexb70a.html]
[cluster.comp-phys.net/scripts/index72c9.html]
[cluster.comp-phys.net/scripts/index5851.html]
[cluster.comp-phys.net/scripts/indexad3f.html]
[localhost/index248a.html]
[cluster.comp-phys.net/cache/plot_large/indexb70a.html]
[cluster.comp-phys.net/cache/plot_large/index72c9.html]
[cluster.comp-phys.net/cache/plot_large/index5851.html]
[cluster.comp-phys.net/cache/plot_large/indexad3f.html]
[cluster.comp-phys.net/cache/plot_small/indexb70a.html]
[cluster.comp-phys.net/cache/plot_small/index72c9.html]
[cluster.comp-phys.net/cache/plot_small/index5851.html]
[cluster.comp-phys.net/cache/plot_small/indexad3f.html]
